2025-10-03 15:14:46 [main] INFO  a.s.doczbot.DoczbottApplication - Starting DoczbottApplication using Java 17.0.12 with PID 24588 (D:\DEST\Project for Testing\doczbot-1\doczbott\target\classes started by Dell in D:\DEST\Project for Testing\doczbot-1\doczbott)
2025-10-03 15:14:46 [main] INFO  a.s.doczbot.DoczbottApplication - No active profile set, falling back to 1 default profile: "default"
2025-10-03 15:14:48 [main] INFO  o.s.b.w.e.tomcat.TomcatWebServer - Tomcat initialized with port 8080 (http)
2025-10-03 15:14:48 [main] INFO  o.a.catalina.core.StandardService - Starting service [Tomcat]
2025-10-03 15:14:48 [main] INFO  o.a.catalina.core.StandardEngine - Starting Servlet engine: [Apache Tomcat/10.1.46]
2025-10-03 15:14:48 [main] INFO  o.a.c.c.C.[.[localhost].[/api] - Initializing Spring embedded WebApplicationContext
2025-10-03 15:14:48 [main] INFO  o.s.b.w.s.c.ServletWebServerApplicationContext - Root WebApplicationContext: initialization completed in 1757 ms
2025-10-03 15:14:50 [main] DEBUG o.s.w.s.m.m.a.RequestMappingHandlerMapping - 8 mappings in 'requestMappingHandlerMapping'
2025-10-03 15:14:50 [main] DEBUG o.s.w.s.h.SimpleUrlHandlerMapping - Patterns [/webjars/**, /**, /masked/**] in 'resourceHandlerMapping'
2025-10-03 15:14:50 [main] DEBUG o.s.w.s.m.m.a.RequestMappingHandlerAdapter - ControllerAdvice beans: 0 @ModelAttribute, 0 @InitBinder, 1 RequestBodyAdvice, 1 ResponseBodyAdvice
2025-10-03 15:14:50 [main] DEBUG o.s.w.s.m.m.a.ExceptionHandlerExceptionResolver - ControllerAdvice beans: 0 @ExceptionHandler, 1 ResponseBodyAdvice
2025-10-03 15:14:51 [main] INFO  o.s.b.w.e.tomcat.TomcatWebServer - Tomcat started on port 8080 (http) with context path '/api'
2025-10-03 15:14:51 [main] INFO  a.s.doczbot.DoczbottApplication - Started DoczbottApplication in 5.053 seconds (process running for 6.303)
2025-10-03 15:15:16 [http-nio-8080-exec-2] INFO  o.a.c.c.C.[.[localhost].[/api] - Initializing Spring DispatcherServlet 'dispatcherServlet'
2025-10-03 15:15:16 [http-nio-8080-exec-2] INFO  o.s.web.servlet.DispatcherServlet - Initializing Servlet 'dispatcherServlet'
2025-10-03 15:15:16 [http-nio-8080-exec-2] DEBUG o.s.web.servlet.DispatcherServlet - Detected StandardServletMultipartResolver
2025-10-03 15:15:16 [http-nio-8080-exec-2] DEBUG o.s.web.servlet.DispatcherServlet - Detected AcceptHeaderLocaleResolver
2025-10-03 15:15:16 [http-nio-8080-exec-2] DEBUG o.s.web.servlet.DispatcherServlet - Detected FixedThemeResolver
2025-10-03 15:15:16 [http-nio-8080-exec-2] DEBUG o.s.web.servlet.DispatcherServlet - Detected org.springframework.web.servlet.view.DefaultRequestToViewNameTranslator@5aa3b7f6
2025-10-03 15:15:16 [http-nio-8080-exec-2] DEBUG o.s.web.servlet.DispatcherServlet - Detected org.springframework.web.servlet.support.SessionFlashMapManager@67511a23
2025-10-03 15:15:16 [http-nio-8080-exec-2] DEBUG o.s.web.servlet.DispatcherServlet - enableLoggingRequestDetails='false': request parameters and headers will be masked to prevent unsafe logging of potentially sensitive data
2025-10-03 15:15:16 [http-nio-8080-exec-2] INFO  o.s.web.servlet.DispatcherServlet - Completed initialization in 1 ms
2025-10-03 15:15:16 [http-nio-8080-exec-2] DEBUG o.s.web.servlet.DispatcherServlet - POST "/api/v1/id-document/upload/image", parameters={multipart}
2025-10-03 15:15:16 [http-nio-8080-exec-2] DEBUG o.s.w.s.h.SimpleUrlHandlerMapping - Mapped to ResourceHttpRequestHandler [classpath [static/], ServletContext [/]]
2025-10-03 15:15:16 [http-nio-8080-exec-2] DEBUG o.s.w.s.r.ResourceHttpRequestHandler - Resource not found
2025-10-03 15:15:16 [http-nio-8080-exec-2] DEBUG o.s.w.s.m.s.DefaultHandlerExceptionResolver - Resolved [org.springframework.web.servlet.resource.NoResourceFoundException: No static resource v1/id-document/upload/image.]
2025-10-03 15:15:16 [http-nio-8080-exec-2] DEBUG o.s.web.servlet.DispatcherServlet - Completed 404 NOT_FOUND
2025-10-03 15:15:16 [http-nio-8080-exec-2] DEBUG o.s.web.servlet.DispatcherServlet - "ERROR" dispatch for POST "/api/error", parameters={multipart}
2025-10-03 15:15:16 [http-nio-8080-exec-2] DEBUG o.s.w.s.m.m.a.RequestMappingHandlerMapping - Mapped to org.springframework.boot.autoconfigure.web.servlet.error.BasicErrorController#error(HttpServletRequest)
2025-10-03 15:15:16 [http-nio-8080-exec-2] DEBUG o.s.w.s.m.m.a.HttpEntityMethodProcessor - Using 'application/json', given [*/*] and supported [application/json, application/*+json]
2025-10-03 15:15:16 [http-nio-8080-exec-2] DEBUG o.s.w.s.m.m.a.HttpEntityMethodProcessor - Writing [{timestamp=Fri Oct 03 15:15:16 IST 2025, status=404, error=Not Found, message=No static resource v1/ (truncated)...]
2025-10-03 15:15:16 [http-nio-8080-exec-2] DEBUG o.s.web.servlet.DispatcherServlet - Exiting from "ERROR" dispatch, status 404
2025-10-03 15:20:21 [http-nio-8080-exec-4] DEBUG o.s.web.servlet.DispatcherServlet - POST "/api/v1/id-document/upload/image", parameters={multipart}
2025-10-03 15:20:21 [http-nio-8080-exec-4] DEBUG o.s.w.s.h.SimpleUrlHandlerMapping - Mapped to ResourceHttpRequestHandler [classpath [static/], ServletContext [/]]
2025-10-03 15:20:21 [http-nio-8080-exec-4] DEBUG o.s.w.s.r.ResourceHttpRequestHandler - Resource not found
2025-10-03 15:20:21 [http-nio-8080-exec-4] DEBUG o.s.w.s.m.s.DefaultHandlerExceptionResolver - Resolved [org.springframework.web.servlet.resource.NoResourceFoundException: No static resource v1/id-document/upload/image.]
2025-10-03 15:20:21 [http-nio-8080-exec-4] DEBUG o.s.web.servlet.DispatcherServlet - Completed 404 NOT_FOUND
2025-10-03 15:20:21 [http-nio-8080-exec-4] DEBUG o.s.web.servlet.DispatcherServlet - "ERROR" dispatch for POST "/api/error", parameters={multipart}
2025-10-03 15:20:21 [http-nio-8080-exec-4] DEBUG o.s.w.s.m.m.a.RequestMappingHandlerMapping - Mapped to org.springframework.boot.autoconfigure.web.servlet.error.BasicErrorController#error(HttpServletRequest)
2025-10-03 15:20:21 [http-nio-8080-exec-4] DEBUG o.s.w.s.m.m.a.HttpEntityMethodProcessor - Using 'application/json', given [*/*] and supported [application/json, application/*+json]
2025-10-03 15:20:21 [http-nio-8080-exec-4] DEBUG o.s.w.s.m.m.a.HttpEntityMethodProcessor - Writing [{timestamp=Fri Oct 03 15:20:21 IST 2025, status=404, error=Not Found, message=No static resource v1/ (truncated)...]
2025-10-03 15:20:21 [http-nio-8080-exec-4] DEBUG o.s.web.servlet.DispatcherServlet - Exiting from "ERROR" dispatch, status 404
2025-10-03 15:21:36 [main] INFO  a.s.doczbot.DoczbottApplication - Starting DoczbottApplication using Java 17.0.12 with PID 29312 (D:\DEST\Project for Testing\doczbot-1\doczbott\target\classes started by Dell in D:\DEST\Project for Testing\doczbot-1\doczbott)
2025-10-03 15:21:36 [main] INFO  a.s.doczbot.DoczbottApplication - No active profile set, falling back to 1 default profile: "default"
2025-10-03 15:21:38 [main] INFO  o.s.b.w.e.tomcat.TomcatWebServer - Tomcat initialized with port 8080 (http)
2025-10-03 15:21:38 [main] INFO  o.a.catalina.core.StandardService - Starting service [Tomcat]
2025-10-03 15:21:38 [main] INFO  o.a.catalina.core.StandardEngine - Starting Servlet engine: [Apache Tomcat/10.1.46]
2025-10-03 15:21:38 [main] INFO  o.a.c.c.C.[.[localhost].[/api] - Initializing Spring embedded WebApplicationContext
2025-10-03 15:21:38 [main] INFO  o.s.b.w.s.c.ServletWebServerApplicationContext - Root WebApplicationContext: initialization completed in 2042 ms
2025-10-03 15:21:40 [main] DEBUG o.s.w.s.m.m.a.RequestMappingHandlerMapping - 9 mappings in 'requestMappingHandlerMapping'
2025-10-03 15:21:40 [main] DEBUG o.s.w.s.h.SimpleUrlHandlerMapping - Patterns [/webjars/**, /**, /masked/**] in 'resourceHandlerMapping'
2025-10-03 15:21:40 [main] DEBUG o.s.w.s.m.m.a.RequestMappingHandlerAdapter - ControllerAdvice beans: 0 @ModelAttribute, 0 @InitBinder, 1 RequestBodyAdvice, 1 ResponseBodyAdvice
2025-10-03 15:21:40 [main] DEBUG o.s.w.s.m.m.a.ExceptionHandlerExceptionResolver - ControllerAdvice beans: 0 @ExceptionHandler, 1 ResponseBodyAdvice
2025-10-03 15:21:41 [main] INFO  o.s.b.w.e.tomcat.TomcatWebServer - Tomcat started on port 8080 (http) with context path '/api'
2025-10-03 15:21:41 [main] INFO  a.s.doczbot.DoczbottApplication - Started DoczbottApplication in 5.569 seconds (process running for 6.905)
2025-10-03 15:22:25 [http-nio-8080-exec-3] INFO  o.a.c.c.C.[.[localhost].[/api] - Initializing Spring DispatcherServlet 'dispatcherServlet'
2025-10-03 15:22:25 [http-nio-8080-exec-3] INFO  o.s.web.servlet.DispatcherServlet - Initializing Servlet 'dispatcherServlet'
2025-10-03 15:22:25 [http-nio-8080-exec-3] DEBUG o.s.web.servlet.DispatcherServlet - Detected StandardServletMultipartResolver
2025-10-03 15:22:25 [http-nio-8080-exec-3] DEBUG o.s.web.servlet.DispatcherServlet - Detected AcceptHeaderLocaleResolver
2025-10-03 15:22:25 [http-nio-8080-exec-3] DEBUG o.s.web.servlet.DispatcherServlet - Detected FixedThemeResolver
2025-10-03 15:22:25 [http-nio-8080-exec-3] DEBUG o.s.web.servlet.DispatcherServlet - Detected org.springframework.web.servlet.view.DefaultRequestToViewNameTranslator@1fdc49d6
2025-10-03 15:22:25 [http-nio-8080-exec-3] DEBUG o.s.web.servlet.DispatcherServlet - Detected org.springframework.web.servlet.support.SessionFlashMapManager@45bd3456
2025-10-03 15:22:25 [http-nio-8080-exec-3] DEBUG o.s.web.servlet.DispatcherServlet - enableLoggingRequestDetails='false': request parameters and headers will be masked to prevent unsafe logging of potentially sensitive data
2025-10-03 15:22:25 [http-nio-8080-exec-3] INFO  o.s.web.servlet.DispatcherServlet - Completed initialization in 3 ms
2025-10-03 15:22:25 [http-nio-8080-exec-3] DEBUG o.s.web.servlet.DispatcherServlet - GET "/api/v1/id-document/ping", parameters={}
2025-10-03 15:22:25 [http-nio-8080-exec-3] DEBUG o.s.w.s.h.SimpleUrlHandlerMapping - Mapped to ResourceHttpRequestHandler [classpath [static/], ServletContext [/]]
2025-10-03 15:22:25 [http-nio-8080-exec-3] DEBUG o.s.w.s.r.ResourceHttpRequestHandler - Resource not found
2025-10-03 15:22:25 [http-nio-8080-exec-3] DEBUG o.s.w.s.m.s.DefaultHandlerExceptionResolver - Resolved [org.springframework.web.servlet.resource.NoResourceFoundException: No static resource v1/id-document/ping.]
2025-10-03 15:22:25 [http-nio-8080-exec-3] DEBUG o.s.web.servlet.DispatcherServlet - Completed 404 NOT_FOUND
2025-10-03 15:22:25 [http-nio-8080-exec-3] DEBUG o.s.web.servlet.DispatcherServlet - "ERROR" dispatch for GET "/api/error", parameters={}
2025-10-03 15:22:25 [http-nio-8080-exec-3] DEBUG o.s.w.s.m.m.a.RequestMappingHandlerMapping - Mapped to org.springframework.boot.autoconfigure.web.servlet.error.BasicErrorController#error(HttpServletRequest)
2025-10-03 15:22:25 [http-nio-8080-exec-3] DEBUG o.s.w.s.m.m.a.HttpEntityMethodProcessor - Using 'application/json', given [*/*] and supported [application/json, application/*+json]
2025-10-03 15:22:25 [http-nio-8080-exec-3] DEBUG o.s.w.s.m.m.a.HttpEntityMethodProcessor - Writing [{timestamp=Fri Oct 03 15:22:25 IST 2025, status=404, error=Not Found, message=No static resource v1/ (truncated)...]
2025-10-03 15:22:25 [http-nio-8080-exec-3] DEBUG o.s.web.servlet.DispatcherServlet - Exiting from "ERROR" dispatch, status 404
2025-10-03 15:23:20 [http-nio-8080-exec-1] DEBUG o.s.web.servlet.DispatcherServlet - GET "/api/v1/id-document/ping", parameters={}
2025-10-03 15:23:20 [http-nio-8080-exec-1] DEBUG o.s.w.s.h.SimpleUrlHandlerMapping - Mapped to ResourceHttpRequestHandler [classpath [static/], ServletContext [/]]
2025-10-03 15:23:20 [http-nio-8080-exec-1] DEBUG o.s.w.s.r.ResourceHttpRequestHandler - Resource not found
2025-10-03 15:23:20 [http-nio-8080-exec-1] DEBUG o.s.w.s.m.s.DefaultHandlerExceptionResolver - Resolved [org.springframework.web.servlet.resource.NoResourceFoundException: No static resource v1/id-document/ping.]
2025-10-03 15:23:20 [http-nio-8080-exec-1] DEBUG o.s.web.servlet.DispatcherServlet - Completed 404 NOT_FOUND
2025-10-03 15:23:20 [http-nio-8080-exec-1] DEBUG o.s.web.servlet.DispatcherServlet - "ERROR" dispatch for GET "/api/error", parameters={}
2025-10-03 15:23:20 [http-nio-8080-exec-1] DEBUG o.s.w.s.m.m.a.RequestMappingHandlerMapping - Mapped to org.springframework.boot.autoconfigure.web.servlet.error.BasicErrorController#error(HttpServletRequest)
2025-10-03 15:23:20 [http-nio-8080-exec-1] DEBUG o.s.w.s.m.m.a.HttpEntityMethodProcessor - Using 'application/json', given [*/*] and supported [application/json, application/*+json]
2025-10-03 15:23:20 [http-nio-8080-exec-1] DEBUG o.s.w.s.m.m.a.HttpEntityMethodProcessor - Writing [{timestamp=Fri Oct 03 15:23:20 IST 2025, status=404, error=Not Found, message=No static resource v1/ (truncated)...]
2025-10-03 15:23:20 [http-nio-8080-exec-1] DEBUG o.s.web.servlet.DispatcherServlet - Exiting from "ERROR" dispatch, status 404
2025-10-03 15:23:30 [http-nio-8080-exec-5] DEBUG o.s.web.servlet.DispatcherServlet - GET "/api/v1/id-document/ping", parameters={}
2025-10-03 15:23:30 [http-nio-8080-exec-5] DEBUG o.s.w.s.h.SimpleUrlHandlerMapping - Mapped to ResourceHttpRequestHandler [classpath [static/], ServletContext [/]]
2025-10-03 15:23:30 [http-nio-8080-exec-5] DEBUG o.s.w.s.r.ResourceHttpRequestHandler - Resource not found
2025-10-03 15:23:30 [http-nio-8080-exec-5] DEBUG o.s.w.s.m.s.DefaultHandlerExceptionResolver - Resolved [org.springframework.web.servlet.resource.NoResourceFoundException: No static resource v1/id-document/ping.]
2025-10-03 15:23:30 [http-nio-8080-exec-5] DEBUG o.s.web.servlet.DispatcherServlet - Completed 404 NOT_FOUND
2025-10-03 15:23:30 [http-nio-8080-exec-5] DEBUG o.s.web.servlet.DispatcherServlet - "ERROR" dispatch for GET "/api/error", parameters={}
2025-10-03 15:23:30 [http-nio-8080-exec-5] DEBUG o.s.w.s.m.m.a.RequestMappingHandlerMapping - Mapped to org.springframework.boot.autoconfigure.web.servlet.error.BasicErrorController#error(HttpServletRequest)
2025-10-03 15:23:30 [http-nio-8080-exec-5] DEBUG o.s.w.s.m.m.a.HttpEntityMethodProcessor - Using 'application/json', given [*/*] and supported [application/json, application/*+json]
2025-10-03 15:23:30 [http-nio-8080-exec-5] DEBUG o.s.w.s.m.m.a.HttpEntityMethodProcessor - Writing [{timestamp=Fri Oct 03 15:23:30 IST 2025, status=404, error=Not Found, message=No static resource v1/ (truncated)...]
2025-10-03 15:23:30 [http-nio-8080-exec-5] DEBUG o.s.web.servlet.DispatcherServlet - Exiting from "ERROR" dispatch, status 404
2025-10-03 15:25:16 [main] INFO  a.s.doczbot.DoczbottApplication - Starting DoczbottApplication using Java 17.0.12 with PID 31432 (D:\DEST\Project for Testing\doczbot-1\doczbott\target\classes started by Dell in D:\DEST\Project for Testing\doczbot-1\doczbott)
2025-10-03 15:25:16 [main] INFO  a.s.doczbot.DoczbottApplication - No active profile set, falling back to 1 default profile: "default"
2025-10-03 15:25:18 [main] INFO  o.s.b.w.e.tomcat.TomcatWebServer - Tomcat initialized with port 8080 (http)
2025-10-03 15:25:18 [main] INFO  o.a.catalina.core.StandardService - Starting service [Tomcat]
2025-10-03 15:25:18 [main] INFO  o.a.catalina.core.StandardEngine - Starting Servlet engine: [Apache Tomcat/10.1.46]
2025-10-03 15:25:18 [main] INFO  o.a.c.c.C.[Tomcat].[localhost].[/] - Initializing Spring embedded WebApplicationContext
2025-10-03 15:25:18 [main] INFO  o.s.b.w.s.c.ServletWebServerApplicationContext - Root WebApplicationContext: initialization completed in 1601 ms
2025-10-03 15:25:19 [main] DEBUG o.s.w.s.m.m.a.RequestMappingHandlerMapping - 8 mappings in 'requestMappingHandlerMapping'
2025-10-03 15:25:20 [main] DEBUG o.s.w.s.h.SimpleUrlHandlerMapping - Patterns [/webjars/**, /**] in 'resourceHandlerMapping'
2025-10-03 15:25:20 [main] DEBUG o.s.w.s.m.m.a.RequestMappingHandlerAdapter - ControllerAdvice beans: 0 @ModelAttribute, 0 @InitBinder, 1 RequestBodyAdvice, 1 ResponseBodyAdvice
2025-10-03 15:25:20 [main] DEBUG o.s.w.s.m.m.a.ExceptionHandlerExceptionResolver - ControllerAdvice beans: 0 @ExceptionHandler, 1 ResponseBodyAdvice
2025-10-03 15:25:20 [main] INFO  o.s.b.w.e.tomcat.TomcatWebServer - Tomcat started on port 8080 (http) with context path '/'
2025-10-03 15:25:20 [main] INFO  a.s.doczbot.DoczbottApplication - Started DoczbottApplication in 4.53 seconds (process running for 6.224)
2025-10-03 15:26:10 [main] INFO  a.s.doczbot.DoczbottApplication - Starting DoczbottApplication using Java 17.0.12 with PID 30636 (D:\DEST\Project for Testing\doczbot-1\doczbott\target\classes started by Dell in D:\DEST\Project for Testing\doczbot-1\doczbott)
2025-10-03 15:26:10 [main] INFO  a.s.doczbot.DoczbottApplication - No active profile set, falling back to 1 default profile: "default"
2025-10-03 15:26:11 [main] INFO  o.s.b.w.e.tomcat.TomcatWebServer - Tomcat initialized with port 8080 (http)
2025-10-03 15:26:11 [main] INFO  o.a.catalina.core.StandardService - Starting service [Tomcat]
2025-10-03 15:26:11 [main] INFO  o.a.catalina.core.StandardEngine - Starting Servlet engine: [Apache Tomcat/10.1.46]
2025-10-03 15:26:11 [main] INFO  o.a.c.c.C.[Tomcat].[localhost].[/] - Initializing Spring embedded WebApplicationContext
2025-10-03 15:26:11 [main] INFO  o.s.b.w.s.c.ServletWebServerApplicationContext - Root WebApplicationContext: initialization completed in 1443 ms
2025-10-03 15:26:13 [main] DEBUG o.s.w.s.m.m.a.RequestMappingHandlerMapping - 8 mappings in 'requestMappingHandlerMapping'
2025-10-03 15:26:13 [main] DEBUG o.s.w.s.h.SimpleUrlHandlerMapping - Patterns [/webjars/**, /**] in 'resourceHandlerMapping'
2025-10-03 15:26:13 [main] DEBUG o.s.w.s.m.m.a.RequestMappingHandlerAdapter - ControllerAdvice beans: 0 @ModelAttribute, 0 @InitBinder, 1 RequestBodyAdvice, 1 ResponseBodyAdvice
2025-10-03 15:26:13 [main] DEBUG o.s.w.s.m.m.a.ExceptionHandlerExceptionResolver - ControllerAdvice beans: 0 @ExceptionHandler, 1 ResponseBodyAdvice
2025-10-03 15:26:13 [main] INFO  o.s.b.w.e.tomcat.TomcatWebServer - Tomcat started on port 8080 (http) with context path '/'
2025-10-03 15:26:13 [main] INFO  a.s.doczbot.DoczbottApplication - Started DoczbottApplication in 4.557 seconds (process running for 6.134)
2025-10-03 15:26:28 [http-nio-8080-exec-2] INFO  o.a.c.c.C.[Tomcat].[localhost].[/] - Initializing Spring DispatcherServlet 'dispatcherServlet'
2025-10-03 15:26:28 [http-nio-8080-exec-2] INFO  o.s.web.servlet.DispatcherServlet - Initializing Servlet 'dispatcherServlet'
2025-10-03 15:26:28 [http-nio-8080-exec-2] DEBUG o.s.web.servlet.DispatcherServlet - Detected StandardServletMultipartResolver
2025-10-03 15:26:28 [http-nio-8080-exec-2] DEBUG o.s.web.servlet.DispatcherServlet - Detected AcceptHeaderLocaleResolver
2025-10-03 15:26:28 [http-nio-8080-exec-2] DEBUG o.s.web.servlet.DispatcherServlet - Detected FixedThemeResolver
2025-10-03 15:26:28 [http-nio-8080-exec-2] DEBUG o.s.web.servlet.DispatcherServlet - Detected org.springframework.web.servlet.view.DefaultRequestToViewNameTranslator@c78cf1c
2025-10-03 15:26:28 [http-nio-8080-exec-2] DEBUG o.s.web.servlet.DispatcherServlet - Detected org.springframework.web.servlet.support.SessionFlashMapManager@55b09d8c
2025-10-03 15:26:28 [http-nio-8080-exec-2] DEBUG o.s.web.servlet.DispatcherServlet - enableLoggingRequestDetails='false': request parameters and headers will be masked to prevent unsafe logging of potentially sensitive data
2025-10-03 15:26:28 [http-nio-8080-exec-2] INFO  o.s.web.servlet.DispatcherServlet - Completed initialization in 3 ms
2025-10-03 15:26:28 [http-nio-8080-exec-2] DEBUG o.s.web.servlet.DispatcherServlet - GET "/api/v1/id-document/ping", parameters={}
2025-10-03 15:26:28 [http-nio-8080-exec-2] DEBUG o.s.w.s.h.SimpleUrlHandlerMapping - Mapped to ResourceHttpRequestHandler [classpath [static/], ServletContext [/]]
2025-10-03 15:26:28 [http-nio-8080-exec-2] DEBUG o.s.w.s.r.ResourceHttpRequestHandler - Resource not found
2025-10-03 15:26:28 [http-nio-8080-exec-2] DEBUG o.s.w.s.m.s.DefaultHandlerExceptionResolver - Resolved [org.springframework.web.servlet.resource.NoResourceFoundException: No static resource api/v1/id-document/ping.]
2025-10-03 15:26:28 [http-nio-8080-exec-2] DEBUG o.s.web.servlet.DispatcherServlet - Completed 404 NOT_FOUND
2025-10-03 15:26:28 [http-nio-8080-exec-2] DEBUG o.s.web.servlet.DispatcherServlet - "ERROR" dispatch for GET "/error", parameters={}
2025-10-03 15:26:28 [http-nio-8080-exec-2] DEBUG o.s.w.s.m.m.a.RequestMappingHandlerMapping - Mapped to org.springframework.boot.autoconfigure.web.servlet.error.BasicErrorController#error(HttpServletRequest)
2025-10-03 15:26:28 [http-nio-8080-exec-2] DEBUG o.s.w.s.m.m.a.HttpEntityMethodProcessor - Using 'application/json', given [*/*] and supported [application/json, application/*+json]
2025-10-03 15:26:28 [http-nio-8080-exec-2] DEBUG o.s.w.s.m.m.a.HttpEntityMethodProcessor - Writing [{timestamp=Fri Oct 03 15:26:28 IST 2025, status=404, error=Not Found, message=No static resource api (truncated)...]
2025-10-03 15:26:28 [http-nio-8080-exec-2] DEBUG o.s.web.servlet.DispatcherServlet - Exiting from "ERROR" dispatch, status 404
2025-10-03 15:33:25 [main] INFO  a.s.doczbot.DoczbottApplication - Starting DoczbottApplication using Java 17.0.12 with PID 30172 (D:\DEST\Project for Testing\doczbot-1\doczbott\target\classes started by Dell in D:\DEST\Project for Testing\doczbot-1\doczbott)
2025-10-03 15:33:25 [main] INFO  a.s.doczbot.DoczbottApplication - No active profile set, falling back to 1 default profile: "default"
2025-10-03 15:33:25 [main] INFO  a.s.doczbot.DoczbottApplication - Starting DoczbottApplication using Java 17.0.12 with PID 31596 (D:\DEST\Project for Testing\doczbot-1\doczbott\target\classes started by Dell in D:\DEST\Project for Testing\doczbot-1\doczbott)
2025-10-03 15:33:25 [main] INFO  a.s.doczbot.DoczbottApplication - No active profile set, falling back to 1 default profile: "default"
2025-10-03 15:33:26 [main] INFO  o.s.b.w.e.tomcat.TomcatWebServer - Tomcat initialized with port 8080 (http)
2025-10-03 15:33:26 [main] INFO  o.a.catalina.core.StandardService - Starting service [Tomcat]
2025-10-03 15:33:26 [main] INFO  o.a.catalina.core.StandardEngine - Starting Servlet engine: [Apache Tomcat/10.1.46]
2025-10-03 15:33:26 [main] INFO  o.s.b.w.e.tomcat.TomcatWebServer - Tomcat initialized with port 8080 (http)
2025-10-03 15:33:26 [main] INFO  o.a.catalina.core.StandardService - Starting service [Tomcat]
2025-10-03 15:33:26 [main] INFO  o.a.catalina.core.StandardEngine - Starting Servlet engine: [Apache Tomcat/10.1.46]
2025-10-03 15:33:27 [main] INFO  o.a.c.c.C.[Tomcat].[localhost].[/] - Initializing Spring embedded WebApplicationContext
2025-10-03 15:33:27 [main] INFO  o.s.b.w.s.c.ServletWebServerApplicationContext - Root WebApplicationContext: initialization completed in 1476 ms
2025-10-03 15:33:27 [main] INFO  o.a.c.c.C.[Tomcat].[localhost].[/] - Initializing Spring embedded WebApplicationContext
2025-10-03 15:33:27 [main] INFO  o.s.b.w.s.c.ServletWebServerApplicationContext - Root WebApplicationContext: initialization completed in 1468 ms
2025-10-03 15:33:28 [main] DEBUG o.s.w.s.m.m.a.RequestMappingHandlerMapping - 9 mappings in 'requestMappingHandlerMapping'
2025-10-03 15:33:28 [main] DEBUG o.s.w.s.m.m.a.RequestMappingHandlerMapping - 9 mappings in 'requestMappingHandlerMapping'
2025-10-03 15:33:28 [main] DEBUG o.s.w.s.h.SimpleUrlHandlerMapping - Patterns [/webjars/**, /**] in 'resourceHandlerMapping'
2025-10-03 15:33:28 [main] DEBUG o.s.w.s.h.SimpleUrlHandlerMapping - Patterns [/webjars/**, /**] in 'resourceHandlerMapping'
2025-10-03 15:33:28 [main] DEBUG o.s.w.s.m.m.a.RequestMappingHandlerAdapter - ControllerAdvice beans: 0 @ModelAttribute, 0 @InitBinder, 1 RequestBodyAdvice, 1 ResponseBodyAdvice
2025-10-03 15:33:28 [main] DEBUG o.s.w.s.m.m.a.RequestMappingHandlerAdapter - ControllerAdvice beans: 0 @ModelAttribute, 0 @InitBinder, 1 RequestBodyAdvice, 1 ResponseBodyAdvice
2025-10-03 15:33:28 [main] DEBUG o.s.w.s.m.m.a.ExceptionHandlerExceptionResolver - ControllerAdvice beans: 0 @ExceptionHandler, 1 ResponseBodyAdvice
2025-10-03 15:33:28 [main] DEBUG o.s.w.s.m.m.a.ExceptionHandlerExceptionResolver - ControllerAdvice beans: 0 @ExceptionHandler, 1 ResponseBodyAdvice
2025-10-03 15:33:28 [main] WARN  o.s.b.w.s.c.AnnotationConfigServletWebServerApplicationContext - Exception encountered during context initialization - cancelling refresh attempt: org.springframework.context.ApplicationContextException: Failed to start bean 'webServerStartStop'
2025-10-03 15:33:28 [main] INFO  o.s.b.w.e.tomcat.TomcatWebServer - Tomcat started on port 8080 (http) with context path '/'
2025-10-03 15:33:28 [main] INFO  a.s.doczbot.DoczbottApplication - Started DoczbottApplication in 4.165 seconds (process running for 5.256)
2025-10-03 15:33:28 [main] INFO  o.s.b.a.l.ConditionEvaluationReportLogger - 

Error starting ApplicationContext. To display the condition evaluation report re-run your application with 'debug' enabled.
2025-10-03 15:33:28 [main] ERROR o.s.b.d.LoggingFailureAnalysisReporter - 

***************************
APPLICATION FAILED TO START
***************************

Description:

Web server failed to start. Port 8080 was already in use.

Action:

Identify and stop the process that's listening on port 8080 or configure this application to listen on another port.

2025-10-03 15:33:38 [main] INFO  a.s.doczbot.DoczbottApplication - Starting DoczbottApplication using Java 17.0.12 with PID 27904 (D:\DEST\Project for Testing\doczbot-1\doczbott\target\classes started by Dell in D:\DEST\Project for Testing\doczbot-1\doczbott)
2025-10-03 15:33:38 [main] INFO  a.s.doczbot.DoczbottApplication - No active profile set, falling back to 1 default profile: "default"
2025-10-03 15:33:39 [main] INFO  o.s.b.w.e.tomcat.TomcatWebServer - Tomcat initialized with port 8080 (http)
2025-10-03 15:33:39 [main] INFO  o.a.catalina.core.StandardService - Starting service [Tomcat]
2025-10-03 15:33:39 [main] INFO  o.a.catalina.core.StandardEngine - Starting Servlet engine: [Apache Tomcat/10.1.46]
2025-10-03 15:33:39 [main] INFO  o.a.c.c.C.[Tomcat].[localhost].[/] - Initializing Spring embedded WebApplicationContext
2025-10-03 15:33:39 [main] INFO  o.s.b.w.s.c.ServletWebServerApplicationContext - Root WebApplicationContext: initialization completed in 1060 ms
2025-10-03 15:33:40 [main] DEBUG o.s.w.s.m.m.a.RequestMappingHandlerMapping - 9 mappings in 'requestMappingHandlerMapping'
2025-10-03 15:33:40 [main] DEBUG o.s.w.s.h.SimpleUrlHandlerMapping - Patterns [/webjars/**, /**] in 'resourceHandlerMapping'
2025-10-03 15:33:40 [main] DEBUG o.s.w.s.m.m.a.RequestMappingHandlerAdapter - ControllerAdvice beans: 0 @ModelAttribute, 0 @InitBinder, 1 RequestBodyAdvice, 1 ResponseBodyAdvice
2025-10-03 15:33:40 [main] DEBUG o.s.w.s.m.m.a.ExceptionHandlerExceptionResolver - ControllerAdvice beans: 0 @ExceptionHandler, 1 ResponseBodyAdvice
2025-10-03 15:33:40 [main] INFO  o.s.b.w.e.tomcat.TomcatWebServer - Tomcat started on port 8080 (http) with context path '/'
2025-10-03 15:33:40 [main] INFO  a.s.doczbot.DoczbottApplication - Started DoczbottApplication in 3.369 seconds (process running for 4.455)
2025-10-03 15:33:44 [http-nio-8080-exec-1] INFO  o.a.c.c.C.[Tomcat].[localhost].[/] - Initializing Spring DispatcherServlet 'dispatcherServlet'
2025-10-03 15:33:44 [http-nio-8080-exec-1] INFO  o.s.web.servlet.DispatcherServlet - Initializing Servlet 'dispatcherServlet'
2025-10-03 15:33:44 [http-nio-8080-exec-1] DEBUG o.s.web.servlet.DispatcherServlet - Detected StandardServletMultipartResolver
2025-10-03 15:33:44 [http-nio-8080-exec-1] DEBUG o.s.web.servlet.DispatcherServlet - Detected AcceptHeaderLocaleResolver
2025-10-03 15:33:44 [http-nio-8080-exec-1] DEBUG o.s.web.servlet.DispatcherServlet - Detected FixedThemeResolver
2025-10-03 15:33:44 [http-nio-8080-exec-1] DEBUG o.s.web.servlet.DispatcherServlet - Detected org.springframework.web.servlet.view.DefaultRequestToViewNameTranslator@3a2e4db5
2025-10-03 15:33:44 [http-nio-8080-exec-1] DEBUG o.s.web.servlet.DispatcherServlet - Detected org.springframework.web.servlet.support.SessionFlashMapManager@5b5b020e
2025-10-03 15:33:44 [http-nio-8080-exec-1] DEBUG o.s.web.servlet.DispatcherServlet - enableLoggingRequestDetails='false': request parameters and headers will be masked to prevent unsafe logging of potentially sensitive data
2025-10-03 15:33:44 [http-nio-8080-exec-1] INFO  o.s.web.servlet.DispatcherServlet - Completed initialization in 3 ms
2025-10-03 15:33:44 [http-nio-8080-exec-1] DEBUG o.s.web.servlet.DispatcherServlet - GET "/api/v1/id-document/ping", parameters={}
2025-10-03 15:33:44 [http-nio-8080-exec-1] DEBUG o.s.w.s.m.m.a.RequestMappingHandlerMapping - Mapped to ai.simplfin.doczbot.controllers.IdDocumentController#ping()
2025-10-03 15:33:45 [http-nio-8080-exec-1] DEBUG o.s.w.s.m.m.a.HttpEntityMethodProcessor - Using 'application/json', given [*/*] and supported [application/json, application/*+json]
2025-10-03 15:33:45 [http-nio-8080-exec-1] DEBUG o.s.w.s.m.m.a.HttpEntityMethodProcessor - Writing [{message=ID Document service is reachable, status=ok}]
2025-10-03 15:33:45 [http-nio-8080-exec-1] DEBUG o.s.web.servlet.DispatcherServlet - Completed 200 OK
2025-10-03 15:34:25 [http-nio-8080-exec-3] DEBUG o.s.web.servlet.DispatcherServlet - POST "/api/v1/id-document/upload/image", parameters={multipart}
2025-10-03 15:34:25 [http-nio-8080-exec-3] DEBUG o.s.w.s.m.m.a.RequestMappingHandlerMapping - Mapped to ai.simplfin.doczbot.controllers.IdDocumentController#uploadDocumentImage(MultipartFile, String, String, String)
2025-10-03 15:34:25 [http-nio-8080-exec-3] INFO  a.s.d.c.IdDocumentController - Received image extraction request for file: Aadhaar_letter_large.png with extraction method: ocr and ID type: AADHAAR
2025-10-03 15:34:25 [http-nio-8080-exec-3] DEBUG o.s.w.s.m.m.a.HttpEntityMethodProcessor - Using 'application/json', given [*/*] and supported [application/json, application/*+json]
2025-10-03 15:34:25 [http-nio-8080-exec-3] DEBUG o.s.w.s.m.m.a.HttpEntityMethodProcessor - Nothing to write: null body
2025-10-03 15:34:25 [http-nio-8080-exec-3] DEBUG o.s.web.servlet.DispatcherServlet - Completed 200 OK
2025-10-03 15:35:12 [http-nio-8080-exec-4] DEBUG o.s.web.servlet.DispatcherServlet - POST "/api/v1/id-document/upload/image", parameters={multipart}
2025-10-03 15:35:12 [http-nio-8080-exec-4] DEBUG o.s.w.s.m.m.a.RequestMappingHandlerMapping - Mapped to ai.simplfin.doczbot.controllers.IdDocumentController#uploadDocumentImage(MultipartFile, String, String, String)
2025-10-03 15:35:12 [http-nio-8080-exec-4] INFO  a.s.d.c.IdDocumentController - Received image extraction request for file: Aadhaar_letter_large.png with extraction method: TESSERACT_OCR and ID type: aadhar
2025-10-03 15:35:12 [http-nio-8080-exec-4] ERROR a.s.d.c.IdDocumentController - Error in uploading document image java.io.FileNotFoundException: C:\Windows\Temp\tomcat.8080.15575054201738119856\work\Tomcat\localhost\ROOT\uploads\Aadhaar_letter_large.png (The system cannot find the path specified)
2025-10-03 15:35:12 [http-nio-8080-exec-4] DEBUG o.s.w.s.m.m.a.HttpEntityMethodProcessor - Using 'application/json', given [*/*] and supported [application/json, application/*+json]
2025-10-03 15:35:12 [http-nio-8080-exec-4] DEBUG o.s.w.s.m.m.a.HttpEntityMethodProcessor - Writing [ai.simplfin.doczbot.dto.IdDocumentExtractionResult@6e364afc]
2025-10-03 15:35:12 [http-nio-8080-exec-4] DEBUG o.s.web.servlet.DispatcherServlet - Completed 200 OK
2025-10-03 15:35:29 [http-nio-8080-exec-5] DEBUG o.s.web.servlet.DispatcherServlet - POST "/api/v1/id-document/upload/image", parameters={multipart}
2025-10-03 15:35:29 [http-nio-8080-exec-5] DEBUG o.s.w.s.m.m.a.RequestMappingHandlerMapping - Mapped to ai.simplfin.doczbot.controllers.IdDocumentController#uploadDocumentImage(MultipartFile, String, String, String)
2025-10-03 15:35:29 [http-nio-8080-exec-5] INFO  a.s.d.c.IdDocumentController - Received image extraction request for file: Aadhaar_letter_large.png with extraction method: TESSERACT_OCR and ID type: aadhar
2025-10-03 15:36:28 [http-nio-8080-exec-5] ERROR a.s.d.c.IdDocumentController - Error in uploading document image java.io.FileNotFoundException: C:\Windows\Temp\tomcat.8080.15575054201738119856\work\Tomcat\localhost\ROOT\uploads\Aadhaar_letter_large.png (The system cannot find the path specified)
2025-10-03 15:39:45 [main] INFO  a.s.doczbot.DoczbottApplication - Starting DoczbottApplication using Java 17.0.12 with PID 28088 (D:\DEST\Project for Testing\doczbot-1\doczbott\target\classes started by Dell in D:\DEST\Project for Testing\doczbot-1\doczbott)
2025-10-03 15:39:45 [main] INFO  a.s.doczbot.DoczbottApplication - No active profile set, falling back to 1 default profile: "default"
2025-10-03 15:39:46 [main] INFO  o.s.b.w.e.tomcat.TomcatWebServer - Tomcat initialized with port 8080 (http)
2025-10-03 15:39:46 [main] INFO  o.a.catalina.core.StandardService - Starting service [Tomcat]
2025-10-03 15:39:46 [main] INFO  o.a.catalina.core.StandardEngine - Starting Servlet engine: [Apache Tomcat/10.1.46]
2025-10-03 15:39:46 [main] INFO  o.a.c.c.C.[Tomcat].[localhost].[/] - Initializing Spring embedded WebApplicationContext
2025-10-03 15:39:46 [main] INFO  o.s.b.w.s.c.ServletWebServerApplicationContext - Root WebApplicationContext: initialization completed in 1160 ms
2025-10-03 15:39:48 [main] DEBUG o.s.w.s.m.m.a.RequestMappingHandlerMapping - 9 mappings in 'requestMappingHandlerMapping'
2025-10-03 15:39:48 [main] DEBUG o.s.w.s.h.SimpleUrlHandlerMapping - Patterns [/webjars/**, /**] in 'resourceHandlerMapping'
2025-10-03 15:39:48 [main] DEBUG o.s.w.s.m.m.a.RequestMappingHandlerAdapter - ControllerAdvice beans: 0 @ModelAttribute, 0 @InitBinder, 1 RequestBodyAdvice, 1 ResponseBodyAdvice
2025-10-03 15:39:48 [main] DEBUG o.s.w.s.m.m.a.ExceptionHandlerExceptionResolver - ControllerAdvice beans: 0 @ExceptionHandler, 1 ResponseBodyAdvice
2025-10-03 15:39:48 [main] INFO  o.s.b.w.e.tomcat.TomcatWebServer - Tomcat started on port 8080 (http) with context path '/'
2025-10-03 15:39:48 [main] INFO  a.s.doczbot.DoczbottApplication - Started DoczbottApplication in 3.515 seconds (process running for 4.585)
2025-10-03 15:44:26 [http-nio-8080-exec-2] INFO  o.a.c.c.C.[Tomcat].[localhost].[/] - Initializing Spring DispatcherServlet 'dispatcherServlet'
2025-10-03 15:44:26 [http-nio-8080-exec-2] INFO  o.s.web.servlet.DispatcherServlet - Initializing Servlet 'dispatcherServlet'
2025-10-03 15:44:26 [http-nio-8080-exec-2] DEBUG o.s.web.servlet.DispatcherServlet - Detected StandardServletMultipartResolver
2025-10-03 15:44:26 [http-nio-8080-exec-2] DEBUG o.s.web.servlet.DispatcherServlet - Detected AcceptHeaderLocaleResolver
2025-10-03 15:44:26 [http-nio-8080-exec-2] DEBUG o.s.web.servlet.DispatcherServlet - Detected FixedThemeResolver
2025-10-03 15:44:26 [http-nio-8080-exec-2] DEBUG o.s.web.servlet.DispatcherServlet - Detected org.springframework.web.servlet.view.DefaultRequestToViewNameTranslator@43cbf302
2025-10-03 15:44:26 [http-nio-8080-exec-2] DEBUG o.s.web.servlet.DispatcherServlet - Detected org.springframework.web.servlet.support.SessionFlashMapManager@3f390cb5
2025-10-03 15:44:26 [http-nio-8080-exec-2] DEBUG o.s.web.servlet.DispatcherServlet - enableLoggingRequestDetails='false': request parameters and headers will be masked to prevent unsafe logging of potentially sensitive data
2025-10-03 15:44:26 [http-nio-8080-exec-2] INFO  o.s.web.servlet.DispatcherServlet - Completed initialization in 4 ms
2025-10-03 15:44:26 [http-nio-8080-exec-2] DEBUG o.s.web.servlet.DispatcherServlet - POST "/api/v1/id-document/upload/image", parameters={multipart}
2025-10-03 15:44:26 [http-nio-8080-exec-2] DEBUG o.s.w.s.m.m.a.RequestMappingHandlerMapping - Mapped to ai.simplfin.doczbot.controllers.IdDocumentController#uploadDocumentImage(MultipartFile, String, String, String)
2025-10-03 15:44:26 [http-nio-8080-exec-2] INFO  a.s.d.c.IdDocumentController - Received image extraction request for file: Aadhaar_letter_large.png with extraction method: TESSERACT_OCR and ID type: aadhar
2025-10-03 15:44:45 [http-nio-8080-exec-2] ERROR a.s.d.c.IdDocumentController - Error in uploading document image java.io.FileNotFoundException: C:\Windows\Temp\tomcat.8080.2005260128487182250\work\Tomcat\localhost\ROOT\src\main\resources\templates\Aadhaar_letter_large.png (The system cannot find the path specified)
2025-10-03 15:46:51 [http-nio-8080-exec-2] DEBUG o.s.w.s.m.m.a.HttpEntityMethodProcessor - Using 'application/json', given [*/*] and supported [application/json, application/*+json]
2025-10-03 15:46:51 [http-nio-8080-exec-2] DEBUG o.s.w.s.m.m.a.HttpEntityMethodProcessor - Writing [ai.simplfin.doczbot.dto.IdDocumentExtractionResult@60b692f5]
2025-10-03 15:46:51 [http-nio-8080-exec-2] DEBUG o.s.web.servlet.DispatcherServlet - Completed 200 OK
2025-10-03 15:46:56 [http-nio-8080-exec-4] DEBUG o.s.web.servlet.DispatcherServlet - POST "/api/v1/id-document/upload/image", parameters={multipart}
2025-10-03 15:46:56 [http-nio-8080-exec-4] DEBUG o.s.w.s.m.m.a.RequestMappingHandlerMapping - Mapped to ai.simplfin.doczbot.controllers.IdDocumentController#uploadDocumentImage(MultipartFile, String, String, String)
2025-10-03 15:46:56 [http-nio-8080-exec-4] INFO  a.s.d.c.IdDocumentController - Received image extraction request for file: Aadhaar_letter_large.png with extraction method: TESSERACT_OCR and ID type: aadhar
2025-10-03 15:48:27 [main] INFO  a.s.doczbot.DoczbottApplication - Starting DoczbottApplication using Java 17.0.12 with PID 32800 (D:\DEST\Project for Testing\doczbot-1\doczbott\target\classes started by Dell in D:\DEST\Project for Testing\doczbot-1\doczbott)
2025-10-03 15:48:27 [main] INFO  a.s.doczbot.DoczbottApplication - No active profile set, falling back to 1 default profile: "default"
2025-10-03 15:48:28 [main] INFO  o.s.b.w.e.tomcat.TomcatWebServer - Tomcat initialized with port 8080 (http)
2025-10-03 15:48:28 [main] INFO  o.a.catalina.core.StandardService - Starting service [Tomcat]
2025-10-03 15:48:28 [main] INFO  o.a.catalina.core.StandardEngine - Starting Servlet engine: [Apache Tomcat/10.1.46]
2025-10-03 15:48:28 [main] INFO  o.a.c.c.C.[Tomcat].[localhost].[/] - Initializing Spring embedded WebApplicationContext
2025-10-03 15:48:28 [main] INFO  o.s.b.w.s.c.ServletWebServerApplicationContext - Root WebApplicationContext: initialization completed in 1102 ms
2025-10-03 15:48:29 [main] DEBUG o.s.w.s.m.m.a.RequestMappingHandlerMapping - 9 mappings in 'requestMappingHandlerMapping'
2025-10-03 15:48:29 [main] DEBUG o.s.w.s.h.SimpleUrlHandlerMapping - Patterns [/webjars/**, /**] in 'resourceHandlerMapping'
2025-10-03 15:48:29 [main] DEBUG o.s.w.s.m.m.a.RequestMappingHandlerAdapter - ControllerAdvice beans: 0 @ModelAttribute, 0 @InitBinder, 1 RequestBodyAdvice, 1 ResponseBodyAdvice
2025-10-03 15:48:29 [main] DEBUG o.s.w.s.m.m.a.ExceptionHandlerExceptionResolver - ControllerAdvice beans: 0 @ExceptionHandler, 1 ResponseBodyAdvice
2025-10-03 15:48:29 [main] INFO  o.s.b.w.e.tomcat.TomcatWebServer - Tomcat started on port 8080 (http) with context path '/'
2025-10-03 15:48:29 [main] INFO  a.s.doczbot.DoczbottApplication - Started DoczbottApplication in 3.345 seconds (process running for 4.386)
2025-10-03 15:49:11 [http-nio-8080-exec-2] INFO  o.a.c.c.C.[Tomcat].[localhost].[/] - Initializing Spring DispatcherServlet 'dispatcherServlet'
2025-10-03 15:49:11 [http-nio-8080-exec-2] INFO  o.s.web.servlet.DispatcherServlet - Initializing Servlet 'dispatcherServlet'
2025-10-03 15:49:11 [http-nio-8080-exec-2] DEBUG o.s.web.servlet.DispatcherServlet - Detected StandardServletMultipartResolver
2025-10-03 15:49:11 [http-nio-8080-exec-2] DEBUG o.s.web.servlet.DispatcherServlet - Detected AcceptHeaderLocaleResolver
2025-10-03 15:49:11 [http-nio-8080-exec-2] DEBUG o.s.web.servlet.DispatcherServlet - Detected FixedThemeResolver
2025-10-03 15:49:11 [http-nio-8080-exec-2] DEBUG o.s.web.servlet.DispatcherServlet - Detected org.springframework.web.servlet.view.DefaultRequestToViewNameTranslator@392caa1f
2025-10-03 15:49:11 [http-nio-8080-exec-2] DEBUG o.s.web.servlet.DispatcherServlet - Detected org.springframework.web.servlet.support.SessionFlashMapManager@668ed079
2025-10-03 15:49:11 [http-nio-8080-exec-2] DEBUG o.s.web.servlet.DispatcherServlet - enableLoggingRequestDetails='false': request parameters and headers will be masked to prevent unsafe logging of potentially sensitive data
2025-10-03 15:49:11 [http-nio-8080-exec-2] INFO  o.s.web.servlet.DispatcherServlet - Completed initialization in 3 ms
2025-10-03 15:49:11 [http-nio-8080-exec-2] DEBUG o.s.web.servlet.DispatcherServlet - POST "/api/v1/id-document/upload/image", parameters={multipart}
2025-10-03 15:49:11 [http-nio-8080-exec-2] DEBUG o.s.w.s.m.m.a.RequestMappingHandlerMapping - Mapped to ai.simplfin.doczbot.controllers.IdDocumentController#uploadDocumentImage(MultipartFile, String, String, String)
2025-10-03 15:49:11 [http-nio-8080-exec-2] INFO  a.s.d.c.IdDocumentController - Received image extraction request for file: Aadhaar_letter_large.png with extraction method: TESSERACT_OCR and ID type: aadhar
2025-10-03 15:49:28 [http-nio-8080-exec-2] ERROR a.s.d.c.IdDocumentController - Error in uploading document image java.io.FileNotFoundException: C:\Windows\Temp\tomcat.8080.11095083524545957630\work\Tomcat\localhost\ROOT\src\main\resources\templates (The system cannot find the path specified)
2025-10-03 15:54:21 [main] INFO  a.s.doczbot.DoczbottApplication - Starting DoczbottApplication using Java 17.0.12 with PID 34596 (D:\DEST\Project for Testing\doczbot-1\doczbott\target\classes started by Dell in D:\DEST\Project for Testing\doczbot-1\doczbott)
2025-10-03 15:54:21 [main] INFO  a.s.doczbot.DoczbottApplication - No active profile set, falling back to 1 default profile: "default"
2025-10-03 15:54:22 [main] INFO  o.s.b.w.e.tomcat.TomcatWebServer - Tomcat initialized with port 8080 (http)
2025-10-03 15:54:22 [main] INFO  o.a.catalina.core.StandardService - Starting service [Tomcat]
2025-10-03 15:54:22 [main] INFO  o.a.catalina.core.StandardEngine - Starting Servlet engine: [Apache Tomcat/10.1.46]
2025-10-03 15:54:22 [main] INFO  o.a.c.c.C.[Tomcat].[localhost].[/] - Initializing Spring embedded WebApplicationContext
2025-10-03 15:54:22 [main] INFO  o.s.b.w.s.c.ServletWebServerApplicationContext - Root WebApplicationContext: initialization completed in 1083 ms
2025-10-03 15:54:23 [main] DEBUG o.s.w.s.m.m.a.RequestMappingHandlerMapping - 9 mappings in 'requestMappingHandlerMapping'
2025-10-03 15:54:23 [main] DEBUG o.s.w.s.h.SimpleUrlHandlerMapping - Patterns [/webjars/**, /**] in 'resourceHandlerMapping'
2025-10-03 15:54:24 [main] DEBUG o.s.w.s.m.m.a.RequestMappingHandlerAdapter - ControllerAdvice beans: 0 @ModelAttribute, 0 @InitBinder, 1 RequestBodyAdvice, 1 ResponseBodyAdvice
2025-10-03 15:54:24 [main] DEBUG o.s.w.s.m.m.a.ExceptionHandlerExceptionResolver - ControllerAdvice beans: 0 @ExceptionHandler, 1 ResponseBodyAdvice
2025-10-03 15:54:24 [main] INFO  o.s.b.w.e.tomcat.TomcatWebServer - Tomcat started on port 8080 (http) with context path '/'
2025-10-03 15:54:24 [main] INFO  a.s.doczbot.DoczbottApplication - Started DoczbottApplication in 3.34 seconds (process running for 4.434)
2025-10-03 15:54:29 [http-nio-8080-exec-2] INFO  o.a.c.c.C.[Tomcat].[localhost].[/] - Initializing Spring DispatcherServlet 'dispatcherServlet'
2025-10-03 15:54:29 [http-nio-8080-exec-2] INFO  o.s.web.servlet.DispatcherServlet - Initializing Servlet 'dispatcherServlet'
2025-10-03 15:54:29 [http-nio-8080-exec-2] DEBUG o.s.web.servlet.DispatcherServlet - Detected StandardServletMultipartResolver
2025-10-03 15:54:29 [http-nio-8080-exec-2] DEBUG o.s.web.servlet.DispatcherServlet - Detected AcceptHeaderLocaleResolver
2025-10-03 15:54:29 [http-nio-8080-exec-2] DEBUG o.s.web.servlet.DispatcherServlet - Detected FixedThemeResolver
2025-10-03 15:54:29 [http-nio-8080-exec-2] DEBUG o.s.web.servlet.DispatcherServlet - Detected org.springframework.web.servlet.view.DefaultRequestToViewNameTranslator@6d6a9fdf
2025-10-03 15:54:29 [http-nio-8080-exec-2] DEBUG o.s.web.servlet.DispatcherServlet - Detected org.springframework.web.servlet.support.SessionFlashMapManager@6ff5e59a
2025-10-03 15:54:29 [http-nio-8080-exec-2] DEBUG o.s.web.servlet.DispatcherServlet - enableLoggingRequestDetails='false': request parameters and headers will be masked to prevent unsafe logging of potentially sensitive data
2025-10-03 15:54:29 [http-nio-8080-exec-2] INFO  o.s.web.servlet.DispatcherServlet - Completed initialization in 2 ms
2025-10-03 15:54:29 [http-nio-8080-exec-2] DEBUG o.s.web.servlet.DispatcherServlet - POST "/api/v1/id-document/upload/image", parameters={multipart}
2025-10-03 15:54:29 [http-nio-8080-exec-2] DEBUG o.s.w.s.m.m.a.RequestMappingHandlerMapping - Mapped to ai.simplfin.doczbot.controllers.IdDocumentController#uploadDocumentImage(MultipartFile, String, String, String)
2025-10-03 15:54:29 [http-nio-8080-exec-2] INFO  a.s.d.c.IdDocumentController - Received image extraction request for file: Aadhaar_letter_large.png with extraction method: TESSERACT_OCR and ID type: aadhar
2025-10-03 15:59:10 [main] INFO  a.s.doczbot.DoczbottApplication - Starting DoczbottApplication using Java 17.0.12 with PID 35128 (D:\DEST\Project for Testing\doczbot-1\doczbott\target\classes started by Dell in D:\DEST\Project for Testing\doczbot-1\doczbott)
2025-10-03 15:59:10 [main] INFO  a.s.doczbot.DoczbottApplication - No active profile set, falling back to 1 default profile: "default"
2025-10-03 15:59:11 [main] INFO  o.s.b.w.e.tomcat.TomcatWebServer - Tomcat initialized with port 8080 (http)
2025-10-03 15:59:11 [main] INFO  o.a.catalina.core.StandardService - Starting service [Tomcat]
2025-10-03 15:59:11 [main] INFO  o.a.catalina.core.StandardEngine - Starting Servlet engine: [Apache Tomcat/10.1.46]
2025-10-03 15:59:11 [main] INFO  o.a.c.c.C.[Tomcat].[localhost].[/] - Initializing Spring embedded WebApplicationContext
2025-10-03 15:59:11 [main] INFO  o.s.b.w.s.c.ServletWebServerApplicationContext - Root WebApplicationContext: initialization completed in 1093 ms
2025-10-03 15:59:12 [main] DEBUG o.s.w.s.m.m.a.RequestMappingHandlerMapping - 9 mappings in 'requestMappingHandlerMapping'
2025-10-03 15:59:12 [main] DEBUG o.s.w.s.h.SimpleUrlHandlerMapping - Patterns [/webjars/**, /**] in 'resourceHandlerMapping'
2025-10-03 15:59:12 [main] DEBUG o.s.w.s.m.m.a.RequestMappingHandlerAdapter - ControllerAdvice beans: 0 @ModelAttribute, 0 @InitBinder, 1 RequestBodyAdvice, 1 ResponseBodyAdvice
2025-10-03 15:59:13 [main] DEBUG o.s.w.s.m.m.a.ExceptionHandlerExceptionResolver - ControllerAdvice beans: 0 @ExceptionHandler, 1 ResponseBodyAdvice
2025-10-03 15:59:13 [main] INFO  o.s.b.w.e.tomcat.TomcatWebServer - Tomcat started on port 8080 (http) with context path '/'
2025-10-03 15:59:13 [main] INFO  a.s.doczbot.DoczbottApplication - Started DoczbottApplication in 3.454 seconds (process running for 4.557)
2025-10-03 15:59:19 [http-nio-8080-exec-1] INFO  o.a.c.c.C.[Tomcat].[localhost].[/] - Initializing Spring DispatcherServlet 'dispatcherServlet'
2025-10-03 15:59:19 [http-nio-8080-exec-1] INFO  o.s.web.servlet.DispatcherServlet - Initializing Servlet 'dispatcherServlet'
2025-10-03 15:59:19 [http-nio-8080-exec-1] DEBUG o.s.web.servlet.DispatcherServlet - Detected StandardServletMultipartResolver
2025-10-03 15:59:19 [http-nio-8080-exec-1] DEBUG o.s.web.servlet.DispatcherServlet - Detected AcceptHeaderLocaleResolver
2025-10-03 15:59:19 [http-nio-8080-exec-1] DEBUG o.s.web.servlet.DispatcherServlet - Detected FixedThemeResolver
2025-10-03 15:59:19 [http-nio-8080-exec-1] DEBUG o.s.web.servlet.DispatcherServlet - Detected org.springframework.web.servlet.view.DefaultRequestToViewNameTranslator@1c1bb9f2
2025-10-03 15:59:19 [http-nio-8080-exec-1] DEBUG o.s.web.servlet.DispatcherServlet - Detected org.springframework.web.servlet.support.SessionFlashMapManager@22cbed06
2025-10-03 15:59:19 [http-nio-8080-exec-1] DEBUG o.s.web.servlet.DispatcherServlet - enableLoggingRequestDetails='false': request parameters and headers will be masked to prevent unsafe logging of potentially sensitive data
2025-10-03 15:59:19 [http-nio-8080-exec-1] INFO  o.s.web.servlet.DispatcherServlet - Completed initialization in 1 ms
2025-10-03 15:59:19 [http-nio-8080-exec-1] DEBUG o.s.web.servlet.DispatcherServlet - POST "/api/v1/id-document/upload/image", parameters={multipart}
2025-10-03 15:59:19 [http-nio-8080-exec-1] DEBUG o.s.w.s.m.m.a.RequestMappingHandlerMapping - Mapped to ai.simplfin.doczbot.controllers.IdDocumentController#uploadDocumentImage(MultipartFile, String, String, String)
2025-10-03 15:59:19 [http-nio-8080-exec-1] INFO  a.s.d.c.IdDocumentController - Received image extraction request for file: Aadhaar_letter_large.png with extraction method: TESSERACT_OCR and ID type: aadhar
2025-10-03 16:00:46 [http-nio-8080-exec-1] DEBUG o.s.web.servlet.DispatcherServlet - Failed to complete request: jakarta.servlet.ServletException: Handler dispatch failed: java.lang.Error: Invalid memory access
2025-10-03 16:00:46 [http-nio-8080-exec-1] ERROR o.a.c.c.C.[.[.[.[dispatcherServlet] - Servlet.service() for servlet [dispatcherServlet] in context with path [] threw exception [Handler dispatch failed: java.lang.Error: Invalid memory access] with root cause
java.lang.Error: Invalid memory access
	at com.sun.jna.Native.invokeInt(Native Method)
	at com.sun.jna.Function.invoke(Function.java:426)
	at com.sun.jna.Function.invoke(Function.java:361)
	at com.sun.jna.Library$Handler.invoke(Library.java:270)
	at jdk.proxy2/jdk.proxy2.$Proxy71.TessBaseAPIRecognize(Unknown Source)
	at net.sourceforge.tess4j.Tesseract.getWords(Tesseract.java:800)
	at net.sourceforge.tess4j.Tesseract.getWords(Tesseract.java:776)
	at ai.simplfin.doczbot.services.AadhaarMaskingService.findAadhaarNumbers(AadhaarMaskingService.java:270)
	at ai.simplfin.doczbot.services.AadhaarMaskingService.processImageInternal(AadhaarMaskingService.java:180)
	at ai.simplfin.doczbot.services.AadhaarMaskingService.maskAadhaarInDocument(AadhaarMaskingService.java:100)
	at ai.simplfin.doczbot.services.DocumentMaskingService.uploadDocumentImage(DocumentMaskingService.java:40)
	at ai.simplfin.doczbot.controllers.IdDocumentController.uploadDocumentImage(IdDocumentController.java:251)
	at java.base/jdk.internal.reflect.NativeMethodAccessorImpl.invoke0(Native Method)
	at java.base/jdk.internal.reflect.NativeMethodAccessorImpl.invoke(NativeMethodAccessorImpl.java:77)
	at java.base/jdk.internal.reflect.DelegatingMethodAccessorImpl.invoke(DelegatingMethodAccessorImpl.java:43)
	at java.base/java.lang.reflect.Method.invoke(Method.java:568)
	at org.springframework.web.method.support.InvocableHandlerMethod.doInvoke(InvocableHandlerMethod.java:258)
	at org.springframework.web.method.support.InvocableHandlerMethod.invokeForRequest(InvocableHandlerMethod.java:191)
	at org.springframework.web.servlet.mvc.method.annotation.ServletInvocableHandlerMethod.invokeAndHandle(ServletInvocableHandlerMethod.java:118)
	at org.springframework.web.servlet.mvc.method.annotation.RequestMappingHandlerAdapter.invokeHandlerMethod(RequestMappingHandlerAdapter.java:991)
	at org.springframework.web.servlet.mvc.method.annotation.RequestMappingHandlerAdapter.handleInternal(RequestMappingHandlerAdapter.java:896)
	at org.springframework.web.servlet.mvc.method.AbstractHandlerMethodAdapter.handle(AbstractHandlerMethodAdapter.java:87)
	at org.springframework.web.servlet.DispatcherServlet.doDispatch(DispatcherServlet.java:1089)
	at org.springframework.web.servlet.DispatcherServlet.doService(DispatcherServlet.java:979)
	at org.springframework.web.servlet.FrameworkServlet.processRequest(FrameworkServlet.java:1014)
	at org.springframework.web.servlet.FrameworkServlet.doPost(FrameworkServlet.java:914)
	at jakarta.servlet.http.HttpServlet.service(HttpServlet.java:590)
	at org.springframework.web.servlet.FrameworkServlet.service(FrameworkServlet.java:885)
	at jakarta.servlet.http.HttpServlet.service(HttpServlet.java:658)
	at org.apache.catalina.core.ApplicationFilterChain.internalDoFilter(ApplicationFilterChain.java:195)
	at org.apache.catalina.core.ApplicationFilterChain.doFilter(ApplicationFilterChain.java:140)
	at org.apache.tomcat.websocket.server.WsFilter.doFilter(WsFilter.java:51)
	at org.apache.catalina.core.ApplicationFilterChain.internalDoFilter(ApplicationFilterChain.java:164)
	at org.apache.catalina.core.ApplicationFilterChain.doFilter(ApplicationFilterChain.java:140)
	at org.springframework.web.filter.RequestContextFilter.doFilterInternal(RequestContextFilter.java:100)
	at org.springframework.web.filter.OncePerRequestFilter.doFilter(OncePerRequestFilter.java:116)
	at org.apache.catalina.core.ApplicationFilterChain.internalDoFilter(ApplicationFilterChain.java:164)
	at org.apache.catalina.core.ApplicationFilterChain.doFilter(ApplicationFilterChain.java:140)
	at org.springframework.web.filter.FormContentFilter.doFilterInternal(FormContentFilter.java:93)
	at org.springframework.web.filter.OncePerRequestFilter.doFilter(OncePerRequestFilter.java:116)
	at org.apache.catalina.core.ApplicationFilterChain.internalDoFilter(ApplicationFilterChain.java:164)
	at org.apache.catalina.core.ApplicationFilterChain.doFilter(ApplicationFilterChain.java:140)
	at org.springframework.web.filter.CharacterEncodingFilter.doFilterInternal(CharacterEncodingFilter.java:201)
	at org.springframework.web.filter.OncePerRequestFilter.doFilter(OncePerRequestFilter.java:116)
	at org.apache.catalina.core.ApplicationFilterChain.internalDoFilter(ApplicationFilterChain.java:164)
	at org.apache.catalina.core.ApplicationFilterChain.doFilter(ApplicationFilterChain.java:140)
	at org.apache.catalina.core.StandardWrapperValve.invoke(StandardWrapperValve.java:167)
	at org.apache.catalina.core.StandardContextValve.invoke(StandardContextValve.java:90)
	at org.apache.catalina.authenticator.AuthenticatorBase.invoke(AuthenticatorBase.java:483)
	at org.apache.catalina.core.StandardHostValve.invoke(StandardHostValve.java:116)
	at org.apache.catalina.valves.ErrorReportValve.invoke(ErrorReportValve.java:93)
	at org.apache.catalina.core.StandardEngineValve.invoke(StandardEngineValve.java:74)
	at org.apache.catalina.connector.CoyoteAdapter.service(CoyoteAdapter.java:344)
	at org.apache.coyote.http11.Http11Processor.service(Http11Processor.java:398)
	at org.apache.coyote.AbstractProcessorLight.process(AbstractProcessorLight.java:63)
	at org.apache.coyote.AbstractProtocol$ConnectionHandler.process(AbstractProtocol.java:903)
	at org.apache.tomcat.util.net.NioEndpoint$SocketProcessor.doRun(NioEndpoint.java:1776)
	at org.apache.tomcat.util.net.SocketProcessorBase.run(SocketProcessorBase.java:52)
	at org.apache.tomcat.util.threads.ThreadPoolExecutor.runWorker(ThreadPoolExecutor.java:975)
	at org.apache.tomcat.util.threads.ThreadPoolExecutor$Worker.run(ThreadPoolExecutor.java:493)
	at org.apache.tomcat.util.threads.TaskThread$WrappingRunnable.run(TaskThread.java:63)
	at java.base/java.lang.Thread.run(Thread.java:842)
2025-10-03 16:00:46 [http-nio-8080-exec-1] DEBUG o.s.web.servlet.DispatcherServlet - "ERROR" dispatch for POST "/error", parameters={multipart}
2025-10-03 16:00:46 [http-nio-8080-exec-1] DEBUG o.s.w.s.m.m.a.RequestMappingHandlerMapping - Mapped to org.springframework.boot.autoconfigure.web.servlet.error.BasicErrorController#error(HttpServletRequest)
2025-10-03 16:00:46 [http-nio-8080-exec-1] DEBUG o.s.w.s.m.m.a.HttpEntityMethodProcessor - Using 'application/json', given [*/*] and supported [application/json, application/*+json]
2025-10-03 16:00:46 [http-nio-8080-exec-1] DEBUG o.s.w.s.m.m.a.HttpEntityMethodProcessor - Writing [{timestamp=Fri Oct 03 16:00:46 IST 2025, status=500, error=Internal Server Error, message=Invalid me (truncated)...]
2025-10-03 16:00:46 [http-nio-8080-exec-1] DEBUG o.s.web.servlet.DispatcherServlet - Exiting from "ERROR" dispatch, status 500
